// Jest Snapshot v1, https://goo.gl/fbAQLP

exports[`components/content/contentElement should match snapshot for checkbox type 1`] = `
<div>
  <div
    class="CheckboxElement"
  >
    <input
      id="checkbox-test-id"
      type="checkbox"
      value="off"
    />
    <div
       class="EditableAreaWrap"
     >
       <textarea
         class="EditableArea Editable "
         height="0"
         placeholder="Edit text..."
         rows="1"
         spellcheck="true"
         title="test-title"
       >
         test-title
       </textarea>
       <div
         class="EditableAreaContainer"
       >
         <textarea
           aria-hidden="true"
           class="EditableAreaReference Editable "
           dir="auto"
           disabled=""
           rows="1"
         >
           test-title
         </textarea>
       </div>
     </div>
  </div>
</div>
`;
